 gcc -g p1final.c
 ./a.out
enter two numbers
1
2
sum of 1+2=3
 gdb a.out
GNU gdb (Ubuntu 8.1.1-0ubuntu1) 8.1.1
Copyright (C) 2018 Free Software Foundation, Inc.
License GPLv3+: GNU GPL version 3 or later <http://gnu.org/licenses/gpl.html>
This is free software: you are free to change and redistribute it.
There is NO WARRANTY, to the extent permitted by law.  Type "show copying"
and "show warranty" for details.
This GDB was configured as "x86_64-linux-gnu".
Type "show configuration" for configuration details.
For bug reporting instructions, please see:
<http://www.gnu.org/software/gdb/bugs/>.
Find the GDB manual and other documentation resources online at:
<http://www.gnu.org/software/gdb/documentation/>.
For help, type "help".
Type "apropos word" to search for commands related to "word"...
Reading symbols from a.out...done.
(gdb) b main
Breakpoint 1 at 0x7fc: file p1final.c, line 16.
(gdb) r
Starting program: /home/runner/pps-IA1-practice/a.out 
warning: Error disabling address space randomization: Operation not permitted

Breakpoint 1, main () at p1final.c:16
16  {
(gdb) n
18    input(&x,&y);
(gdb) s
input (a=0x7ffc04c099fc, b=0x7ffc04c09a00) at p1final.c:4
4     printf("enter two numbers\n");
(gdb) n
enter two numbers
5     scanf("%d%d",a,b);
(gdb) n
1
2
6   }
(gdb) n
main () at p1final.c:19
19    add(x,y,&z);
(gdb) s
add (a=1, b=2, sum=0x7ffc04c09a04) at p1final.c:9
9     *sum=a+b;
(gdb) n
10  }
(gdb) n
 
 gcc -g p1final.c
 ./a.out
enter two numbers
1
2
sum of 1+2=3
 gdb a.out
GNU gdb (Ubuntu 8.1.1-0ubuntu1) 8.1.1
Copyright (C) 2018 Free Software Foundation, Inc.
License GPLv3+: GNU GPL version 3 or later <http://gnu.org/licenses/gpl.html>
This is free software: you are free to change and redistribute it.
There is NO WARRANTY, to the extent permitted by law.  Type "show copying"
and "show warranty" for details.
This GDB was configured as "x86_64-linux-gnu".
Type "show configuration" for configuration details.
For bug reporting instructions, please see:
<http://www.gnu.org/software/gdb/bugs/>.
Find the GDB manual and other documentation resources online at:
<http://www.gnu.org/software/gdb/documentation/>.
For help, type "help".
Type "apropos word" to search for commands related to "word"...
Reading symbols from a.out...done.
(gdb) b main
Breakpoint 1 at 0x7fc: file p1final.c, line 16.
(gdb) r
Starting program: /home/runner/pps-IA1-practice/a.out 
warning: Error disabling address space randomization: Operation 
 
 gcc -g p1final.c
 ./a.out
enter two numbers
1
2
sum of 1+2=3
 gdb a.out
GNU gdb (Ubuntu 8.1.1-0ubuntu1) 8.1.1
Copyright (C) 2018 Free Software Foundation, Inc.
License GPLv3+: GNU GPL version 3 or later <http://gnu.org/licenses/gpl.html>
This is free software: you are free to change and redistribute it.
There is NO WARRANTY, to the extent permitted by law.  Type "show copying"
and "show warranty" for details.
This GDB was configured as "x86_64-linux-gnu".
Type "show configuration" for configuration details.
For bug reporting instructions, please see:
<http://www.gnu.org/software/gdb/bugs/>.
Find the GDB manual and other documentation resources online at:
<http://www.gnu.org/software/gdb/documentation/>.
For help, type "help".
Type "apropos word" to search for commands related to "word"...
Reading symbols from a.out...done.
(gdb) b main
Breakpoint 1 at 0x7fc: file p1final.c, line 16.
(gdb) r
Starting program: /home/runner/pps-IA1-practice/a.out 
warning: Error disabling address space randomization: Operation not permitted

Breakpoint 1, main () at p1final.c:16
16  {
(gdb) n
18    input(&x,&y);
(gdb) s
input (a=0x7ffe5e4f63ac, b=0x7ffe5e4f63b0) at p1final.c:4
4     printf("enter two numbers\n");
(gdb) n
enter two numbers
5     scanf("%d%d",a,b);
(gdb) n
1
2
6   }
(gdb) n
main () at p1final.c:19
19    add(x,y,&z);
(gdb) s
add (a=1, b=2, sum=0x7ffe5e4f63b4) at p1final.c:9
9     *sum=a+b;
(gdb) n
10  }
(gdb) n
main () at p1final.c:20
20    output(x,y,z);
 
 gcc -g p1final.c
 ./a.out
enter two numbers
1 
2
sum of 1+2=3
 gdb a.out
GNU gdb (Ubuntu 8.1.1-0ubuntu1) 8.1.1
Copyright (C) 2018 Free Software Foundation, Inc.
License GPLv3+: GNU GPL version 3 or later <http://gnu.org/licenses/gpl.html>
This is free software: you are free to change and redistribute it.
There is NO WARRANTY, to the extent permitted by law.  Type "show copying"
and "show warranty" for details.
This GDB was configured as "x86_64-linux-gnu".
Type "show configuration" for configuration details.
For bug reporting instructions, please see:
<http://www.gnu.org/software/gdb/bugs/>.
Find the GDB manual and other documentation resources online at:
<http://www.gnu.org/software/gdb/documentation/>.
For help, type "help".
Type "apropos word" to search for commands related to "word"...
Reading symbols from a.out...done.
(gdb) b main
Breakpoint 1 at 0x7fc: file p1final.c, line 16.
(gdb) r
Starting program: /home/runner/pps-IA1-practice/a.out 
warning: Error disabling address space randomization: Operation not permitted

Breakpoint 1, main () at p1final.c:16
16  {
(gdb) n
18    input(&x,&y);
(gdb) s
input (a=0x7ffddc3d24bc, b=0x7ffddc3d24c0) at p1final.c:4
4     printf("enter two numbers\n");
(gdb) n
enter two numbers
5     scanf("%d%d",a,b);
(gdb) n
1
2
6   }
(gdb) n
main () at p1final.c:19
19    add(x,y,&z);
(gdb) s
add (a=1, b=2, sum=0x7ffddc3d24c4) at p1final.c:9
9     *sum=a+b;
(gdb) n
10  }
(gdb) n
main () at p1final.c:20
20    output(x,y,z);
(gdb) s
output (a=1, b=2, sum=3) at p1final.c:13
13  printf("sum of %d+%d=%d\n",a,b,sum);
(gdb) n
sum of 1+2=3
14  }
(gdb) n
main () at p1final.c:21
21  }(gdb) q
A debugging session is active.

    Inferior 1 [process 209] will be killed.

Quit anyway? (y or n) y
 